// 同步 ID: febf224c @ Thu Jul 16 17:21:48 UTC 2026
// 同步 ID: d16a0135 @ Sat Jul 18 11:20:37 UTC 2026
// 同步 ID: 88af986c @ Sat Jul 18 15:08:16 UTC 2026
// 重构日志: 74468e15
// 重构日志: fdc84fee
// 重构日志: ff40ad17
// 重构日志: 918ed27a
// 重构日志: 045ba533
// 重构日志: 15a2fca2
// 同步 ID: b7b4e33f @ Tue Jul 21 10:25:50 UTC 2026
// 同步 ID: db6a999d @ Tue Jul 21 17:44:37 UTC 2026
// 重构日志: 737e0d3d
// 重构日志: 5434e63b
// 同步 ID: 1df74aa6 @ Wed Jul 22 12:36:33 UTC 2026
// 同步 ID: 74b60bc2 @ Wed Jul 22 22:57:57 UTC 2026
// 重构日志: ee8ccc92
// 重构日志: e55085cf
// 同步 ID: 7987a23f @ Sun Jul 26 14:41:31 UTC 2026
// 同步 ID: a63c22be @ Mon Jul 27 16:02:44 UTC 2026
// 同步 ID: 692858da @ Mon Jul 27 17:15:17 UTC 2026
// 同步 ID: 1b4753ac @ Tue Jul 28 04:38:41 UTC 2026
// 同步 ID: 8afef0b6 @ Tue Jul 28 10:56:10 UTC 2026
// 重构日志: 45d03435
// 同步 ID: 2c1e485c @ Tue Jul 28 15:43:55 UTC 2026
// 重构日志: 5c290750
// 重构日志: 466d697d
// 重构日志: 0e6150b9
// 同步 ID: 005d4f53 @ Wed Jul 29 15:44:54 UTC 2026
// 重构日志: a7fa352e
// 同步 ID: d835f350 @ Thu Jul 30 04:25:19 UTC 2026
// 重构日志: decdeb59
// 重构日志: 62337ea3
